inode field uid [test-disk1]: unexpectedly zero or empty
