sb: num inodes [/tmp/newuser/test-disk1]: found 0 expected 32
